// Bun Snapshot v1, https://bun.sh/docs/test/snapshots

exports[`handle_newyear should reply with countdown to new year 1`] = `
"До Нового года осталось

\`37\` недель
\`2\` дня
\`0\` часов
\`0\` минут
\`0\` секунд

\`37.285714\` недель
\`261\` день
\`6264\` часа
\`375840\` минут
\`22550400\` секунд"
`;

exports[`handle_christmas should reply with countdown to christmas 1`] = `
"До Рождества осталось

\`38\` недель
\`1\` день
\`0\` часов
\`0\` минут
\`0\` секунд

\`38.142857\` недель
\`267\` дней
\`6408\` часов
\`384480\` минут
\`23068800\` секунд"
`;

exports[`handle_summer should reply with countdown to summer 1`] = `
"До лета осталось

\`6\` недель
\`5\` дней
\`0\` часов
\`0\` минут
\`0\` секунд

\`6.714286\` недель
\`47\` дней
\`1128\` часов
\`67680\` минут
\`4060800\` секунд"
`;

exports[`handle_start should reply with help message 1`] = `
"*Список команд*

/newyear \\- Новый год
/christmas \\- Рождество
/summer \\- Лето

/birthday \\- День рождения

/date \\- Любая дата
/customdate \\- Установить свою дату

/help \\- Помощь

"
`;

exports[`handle_help should reply with help message 1`] = `
"*Список команд*

/newyear \\- Новый год
/christmas \\- Рождество
/summer \\- Лето

/birthday \\- День рождения

/date \\- Любая дата
/customdate \\- Установить свою дату

/help \\- Помощь

"
`;
